This file contains any messages produced by compilers while
running configure, to aid debugging if configure makes a mistake.

It was created by mtd-utils configure 2.1.2, which was
generated by GNU Autoconf 2.69.  Invocation command line was

  $ ./configure --prefix=/data/liuyangyang/work/tsingmicro/git/buildroot/output/host --sysconfdir=/data/liuyangyang/work/tsingmicro/git/buildroot/output/host/etc --localstatedir=/data/liuyangyang/work/tsingmicro/git/buildroot/output/host/var --enable-shared --disable-static --disable-gtk-doc --disable-gtk-doc-html --disable-doc --disable-docs --disable-documentation --disable-debug --with-xmlto=no --with-fop=no --disable-nls --disable-dependency-tracking --with-jffs --with-ubifs --without-crypto --disable-tests CC=/usr/bin/gcc CFLAGS=-O2 -I/data/liuyangyang/work/tsingmicro/git/buildroot/output/host/include LDFLAGS=-L/data/liuyangyang/work/tsingmicro/git/buildroot/output/host/lib -Wl,-rpath,/data/liuyangyang/work/tsingmicro/git/buildroot/output/host/lib CPPFLAGS=-I/data/liuyangyang/work/tsingmicro/git/buildroot/output/host/include CPP=/usr/bin/cpp PKG_CONFIG=/data/liuyangyang/work/tsingmicro/git/buildroot/output/host/bin/pkg-config PKG_CONFIG_LIBDIR=/data/liuyangyang/work/tsingmicro/git/buildroot/output/host/lib/pkgconfig:/data/liuyangyang/work/tsingmicro/git/buildroot/output/host/share/pkgconfig --no-create --no-recursion

## --------- ##
## Platform. ##
## --------- ##

hostname = tsingmicro-bj
uname -m = x86_64
uname -r = 5.15.0-67-generic
uname -s = Linux
uname -v = #74~20.04.1-Ubuntu SMP Wed Feb 22 14:52:34 UTC 2023

/usr/bin/uname -p = x86_64
/bin/uname -X     = unknown

/bin/arch              = x86_64
/usr/bin/arch -k       = unknown
/usr/convex/getsysinfo = unknown
/usr/bin/hostinfo      = unknown
/bin/machine           = unknown
/usr/bin/oslevel       = unknown
/bin/universe          = unknown

PATH: /data/liuyangyang/.vscode-server/bin/ee2b180d582a7f601fa6ecfdad8d9fd269ab1884/bin/remote-cli
PATH: /monchickey/ffmpeg/bin
PATH: /usr/local/sbin
PATH: /usr/local/bin
PATH: /usr/sbin
PATH: /usr/bin
PATH: /sbin
PATH: /bin
PATH: /usr/games
PATH: /usr/local/games
PATH: /snap/bin
PATH: /data/liuyangyang/work/tsingmicro/git/prebuilts/host/gcc/gcc-arm-10.2-2020.11-x86_64-aarch64-none-linux-gnu/bin/
PATH: /data/liuyangyang/work/tsingmicro/git/IPC/DT56/gcc/gcc-arm-none-eabi-9-2019-q4-major/bin
PATH: /data/liuyangyang/work/tsingmicro/git/TX5115C/toolchain/arm_toolchain/arm-a5-linux/usr/bin
PATH: /data/liuyangyang/work/tsingmicro/git/prebuilts/host/gcc/gcc-arm-10.2-2020.11-x86_64-aarch64-none-linux-gnu/bin/
PATH: /data/liuyangyang/work/tsingmicro/git/IPC/DT56/gcc/gcc-arm-none-eabi-9-2019-q4-major/bin
PATH: /data/liuyangyang/work/tsingmicro/git/TX5115C/toolchain/arm_toolchain/arm-a5-linux/usr/bin


## ----------- ##
## Core tests. ##
## ----------- ##

configure:2619: checking for a BSD-compatible install
configure:2687: result: /usr/bin/install -c
configure:2698: checking whether build environment is sane
configure:2753: result: yes
configure:2902: checking for a thread-safe mkdir -p
configure:2941: result: /usr/bin/mkdir -p
configure:2948: checking for gawk
configure:2978: result: no
configure:2948: checking for mawk
configure:2964: found /usr/bin/mawk
configure:2975: result: mawk
configure:2986: checking whether make sets $(MAKE)
configure:3008: result: yes
configure:3037: checking whether make supports nested variables
configure:3054: result: yes
configure:3191: checking whether make supports nested variables
configure:3208: result: yes
configure:3248: checking build system type
configure:3262: result: x86_64-pc-linux-gnu
configure:3282: checking host system type
configure:3295: result: x86_64-pc-linux-gnu
configure:3336: checking how to print strings
configure:3363: result: printf
configure:3388: checking whether make supports the include directive
configure:3403: make -f confmf.GNU && cat confinc.out
make[1]: Entering directory '/data/liuyangyang/work/tsingmicro/git/sdk/build/tools/mtd'
make[1]: Leaving directory '/data/liuyangyang/work/tsingmicro/git/sdk/build/tools/mtd'
this is the am__doit target
configure:3406: $? = 0
configure:3425: result: yes (GNU style)
configure:3495: checking for gcc
configure:3522: result: /usr/bin/gcc
configure:3751: checking for C compiler version
configure:3760: /usr/bin/gcc --version >&5
gcc (Ubuntu 9.4.0-1ubuntu1~20.04.1) 9.4.0
Copyright (C) 2019 Free Software Foundation, Inc.
This is free software; see the source for copying conditions.  There is NO
warranty; not even for MERCHANTABILITY or FITNESS FOR A PARTICULAR PURPOSE.

configure:3771: $? = 0
configure:3760: /usr/bin/gcc -v >&5
Using built-in specs.
COLLECT_GCC=/usr/bin/gcc
COLLECT_LTO_WRAPPER=/usr/lib/gcc/x86_64-linux-gnu/9/lto-wrapper
OFFLOAD_TARGET_NAMES=nvptx-none:hsa
OFFLOAD_TARGET_DEFAULT=1
Target: x86_64-linux-gnu
Configured with: ../src/configure -v --with-pkgversion='Ubuntu 9.4.0-1ubuntu1~20.04.1' --with-bugurl=file:///usr/share/doc/gcc-9/README.Bugs --enable-languages=c,ada,c++,go,brig,d,fortran,objc,obj-c++,gm2 --prefix=/usr --with-gcc-major-version-only --program-suffix=-9 --program-prefix=x86_64-linux-gnu- --enable-shared --enable-linker-build-id --libexecdir=/usr/lib --without-included-gettext --enable-threads=posix --libdir=/usr/lib --enable-nls --enable-clocale=gnu --enable-libstdcxx-debug --enable-libstdcxx-time=yes --with-default-libstdcxx-abi=new --enable-gnu-unique-object --disable-vtable-verify --enable-plugin --enable-default-pie --with-system-zlib --with-target-system-zlib=auto --enable-objc-gc=auto --enable-multiarch --disable-werror --with-arch-32=i686 --with-abi=m64 --with-multilib-list=m32,m64,mx32 --enable-multilib --with-tune=generic --enable-offload-targets=nvptx-none=/build/gcc-9-Av3uEd/gcc-9-9.4.0/debian/tmp-nvptx/usr,hsa --without-cuda-driver --enable-checking=release --build=x86_64-linux-gnu --host=x86_64-linux-gnu --target=x86_64-linux-gnu
Thread model: posix
gcc version 9.4.0 (Ubuntu 9.4.0-1ubuntu1~20.04.1) 
configure:3771: $? = 0
configure:3760: /usr/bin/gcc -V >&5
gcc: error: unrecognized command line option '-V'
gcc: fatal error: no input files
compilation terminated.
configure:3771: $? = 1
configure:3760: /usr/bin/gcc -qversion >&5
gcc: error: unrecognized command line option '-qversion'; did you mean '--version'?
gcc: fatal error: no input files
compilation terminated.
configure:3771: $? = 1
configure:3791: checking whether the C compiler works
configure:3813: /usr/bin/gcc -O2 -I/data/liuyangyang/work/tsingmicro/git/buildroot/output/host/include -I/data/liuyangyang/work/tsingmicro/git/buildroot/output/host/include -L/data/liuyangyang/work/tsingmicro/git/buildroot/output/host/lib -Wl,-rpath,/data/liuyangyang/work/tsingmicro/git/buildroot/output/host/lib conftest.c  >&5
configure:3817: $? = 0
configure:3865: result: yes
configure:3868: checking for C compiler default output file name
configure:3870: result: a.out
configure:3876: checking for suffix of executables
configure:3883: /usr/bin/gcc -o conftest -O2 -I/data/liuyangyang/work/tsingmicro/git/buildroot/output/host/include -I/data/liuyangyang/work/tsingmicro/git/buildroot/output/host/include -L/data/liuyangyang/work/tsingmicro/git/buildroot/output/host/lib -Wl,-rpath,/data/liuyangyang/work/tsingmicro/git/buildroot/output/host/lib conftest.c  >&5
configure:3887: $? = 0
configure:3909: result: 
configure:3931: checking whether we are cross compiling
configure:3939: /usr/bin/gcc -o conftest -O2 -I/data/liuyangyang/work/tsingmicro/git/buildroot/output/host/include -I/data/liuyangyang/work/tsingmicro/git/buildroot/output/host/include -L/data/liuyangyang/work/tsingmicro/git/buildroot/output/host/lib -Wl,-rpath,/data/liuyangyang/work/tsingmicro/git/buildroot/output/host/lib conftest.c  >&5
configure:3943: $? = 0
configure:3950: ./conftest
configure:3954: $? = 0
configure:3942: result: no
configure:3947: checking for suffix of object files
configure:3969: /usr/bin/gcc -c -O2 -I/data/liuyangyang/work/tsingmicro/git/buildroot/output/host/include -I/data/liuyangyang/work/tsingmicro/git/buildroot/output/host/include conftest.c >&5
configure:3973: $? = 0
configure:3994: result: o
configure:3998: checking whether we are using the GNU C compiler
configure:4017: /usr/bin/gcc -c -O2 -I/data/liuyangyang/work/tsingmicro/git/buildroot/output/host/include -I/data/liuyangyang/work/tsingmicro/git/buildroot/output/host/include conftest.c >&5
configure:4017: $? = 0
configure:4026: result: yes
configure:4035: checking whether /usr/bin/gcc accepts -g
configure:4055: /usr/bin/gcc -c -g -I/data/liuyangyang/work/tsingmicro/git/buildroot/output/host/include conftest.c >&5
configure:4055: $? = 0
configure:4096: result: yes
configure:4113: checking for /usr/bin/gcc option to accept ISO C89
configure:4176: /usr/bin/gcc  -c -O2 -I/data/liuyangyang/work/tsingmicro/git/buildroot/output/host/include -I/data/liuyangyang/work/tsingmicro/git/buildroot/output/host/include conftest.c >&5
configure:4176: $? = 0
configure:4189: result: none needed
configure:4214: checking whether /usr/bin/gcc understands -c and -o together
configure:4236: /usr/bin/gcc -c conftest.c -o conftest2.o
configure:4239: $? = 0
configure:4236: /usr/bin/gcc -c conftest.c -o conftest2.o
configure:4239: $? = 0
configure:4251: result: yes
configure:4270: checking dependency style of /usr/bin/gcc
configure:4381: result: none
configure:4396: checking for a sed that does not truncate output
configure:4460: result: /usr/bin/sed
configure:4478: checking for grep that handles long lines and -e
configure:4536: result: /usr/bin/grep
configure:4541: checking for egrep
configure:4603: result: /usr/bin/grep -E
configure:4608: checking for fgrep
configure:4670: result: /usr/bin/grep -F
configure:4705: checking for ld used by /usr/bin/gcc
configure:4772: result: /usr/bin/ld
configure:4779: checking if the linker (/usr/bin/ld) is GNU ld
configure:4794: result: yes
configure:4806: checking for BSD- or MS-compatible name lister (nm)
configure:4860: result: /usr/bin/nm -B
configure:4990: checking the name lister (/usr/bin/nm -B) interface
configure:4997: /usr/bin/gcc -c -O2 -I/data/liuyangyang/work/tsingmicro/git/buildroot/output/host/include -I/data/liuyangyang/work/tsingmicro/git/buildroot/output/host/include conftest.c >&5
configure:5000: /usr/bin/nm -B "conftest.o"
configure:5003: output
0000000000000000 B some_variable
configure:5004: result: BSD nm
configure:5007: checking whether ln -s works
configure:5011: result: yes
configure:5019: checking the maximum length of command line arguments
configure:5150: result: 1572864
configure:5198: checking how to convert x86_64-pc-linux-gnu file names to x86_64-pc-linux-gnu format
configure:5238: result: func_convert_file_noop
configure:5245: checking how to convert x86_64-pc-linux-gnu file names to toolchain format
configure:5265: result: func_convert_file_noop
configure:5272: checking for /usr/bin/ld option to reload object files
configure:5279: result: -r
configure:5353: checking for objdump
configure:5369: found /usr/bin/objdump
configure:5380: result: objdump
configure:5412: checking how to recognize dependent libraries
configure:5612: result: pass_all
configure:5697: checking for dlltool
configure:5727: result: no
configure:5757: checking how to associate runtime and link libraries
configure:5784: result: printf %s\n
configure:5845: checking for ar
configure:5861: found /usr/bin/ar
configure:5872: result: ar
configure:5909: checking for archiver @FILE support
configure:5926: /usr/bin/gcc -c -O2 -I/data/liuyangyang/work/tsingmicro/git/buildroot/output/host/include -I/data/liuyangyang/work/tsingmicro/git/buildroot/output/host/include conftest.c >&5
configure:5926: $? = 0
configure:5929: ar cru libconftest.a @conftest.lst >&5
ar: `u' modifier ignored since `D' is the default (see `U')
configure:5932: $? = 0
configure:5937: ar cru libconftest.a @conftest.lst >&5
ar: `u' modifier ignored since `D' is the default (see `U')
ar: conftest.o: No such file or directory
configure:5940: $? = 1
configure:5939: result: @
configure:5997: checking for strip
configure:6013: found /usr/bin/strip
configure:6024: result: strip
configure:6096: checking for ranlib
configure:6112: found /usr/bin/ranlib
configure:6123: result: ranlib
configure:6225: checking command to parse /usr/bin/nm -B output from /usr/bin/gcc object
configure:6378: /usr/bin/gcc -c -O2 -I/data/liuyangyang/work/tsingmicro/git/buildroot/output/host/include -I/data/liuyangyang/work/tsingmicro/git/buildroot/output/host/include conftest.c >&5
configure:6381: $? = 0
configure:6385: /usr/bin/nm -B conftest.o \| sed -n -e 's/^.*[ ]\([ABCDGIRSTW][ABCDGIRSTW]*\)[ ][ ]*\([_A-Za-z][_A-Za-z0-9]*\)$/\1 \2 \2/p' | sed '/ __gnu_lto/d' \> conftest.nm
configure:6388: $? = 0
configure:6454: /usr/bin/gcc -o conftest -O2 -I/data/liuyangyang/work/tsingmicro/git/buildroot/output/host/include -I/data/liuyangyang/work/tsingmicro/git/buildroot/output/host/include -L/data/liuyangyang/work/tsingmicro/git/buildroot/output/host/lib -Wl,-rpath,/data/liuyangyang/work/tsingmicro/git/buildroot/output/host/lib conftest.c conftstm.o >&5
configure:6457: $? = 0
configure:6495: result: ok
configure:6542: checking for sysroot
configure:6572: result: no
configure:6579: checking for a working dd
configure:6617: result: /usr/bin/dd
configure:6621: checking how to truncate binary pipes
configure:6636: result: /usr/bin/dd bs=4096 count=1
configure:6772: /usr/bin/gcc -c -O2 -I/data/liuyangyang/work/tsingmicro/git/buildroot/output/host/include -I/data/liuyangyang/work/tsingmicro/git/buildroot/output/host/include conftest.c >&5
configure:6775: $? = 0
configure:6965: checking for mt
configure:6981: found /usr/bin/mt
configure:6992: result: mt
configure:7015: checking if mt is a manifest tool
configure:7021: mt '-?'
configure:7029: result: no
configure:7706: checking how to run the C preprocessor
configure:7776: result: /usr/bin/cpp
configure:7796: /usr/bin/cpp -I/data/liuyangyang/work/tsingmicro/git/buildroot/output/host/include conftest.c
configure:7796: $? = 0
configure:7810: /usr/bin/cpp -I/data/liuyangyang/work/tsingmicro/git/buildroot/output/host/include conftest.c
conftest.c:11:10: fatal error: ac_nonexistent.h: No such file or directory
   11 | #include <ac_nonexistent.h>
      |          ^~~~~~~~~~~~~~~~~~
compilation terminated.
configure:7810: $? = 1
configure: failed program was:
| /* confdefs.h */
| #define PACKAGE_NAME "mtd-utils"
| #define PACKAGE_TARNAME "mtd-utils"
| #define PACKAGE_VERSION "2.1.2"
| #define PACKAGE_STRING "mtd-utils 2.1.2"
| #define PACKAGE_BUGREPORT "linux-mtd@lists.infradead.org"
| #define PACKAGE_URL ""
| #define PACKAGE "mtd-utils"
| #define VERSION "2.1.2"
| /* end confdefs.h.  */
| #include <ac_nonexistent.h>
configure:7839: checking for ANSI C header files
configure:7859: /usr/bin/gcc -c -O2 -I/data/liuyangyang/work/tsingmicro/git/buildroot/output/host/include -I/data/liuyangyang/work/tsingmicro/git/buildroot/output/host/include conftest.c >&5
configure:7859: $? = 0
configure:7932: /usr/bin/gcc -o conftest -O2 -I/data/liuyangyang/work/tsingmicro/git/buildroot/output/host/include -I/data/liuyangyang/work/tsingmicro/git/buildroot/output/host/include -L/data/liuyangyang/work/tsingmicro/git/buildroot/output/host/lib -Wl,-rpath,/data/liuyangyang/work/tsingmicro/git/buildroot/output/host/lib conftest.c  >&5
configure:7932: $? = 0
configure:7932: ./conftest
configure:7932: $? = 0
configure:7943: result: yes
configure:7956: checking for sys/types.h
configure:7956: /usr/bin/gcc -c -O2 -I/data/liuyangyang/work/tsingmicro/git/buildroot/output/host/include -I/data/liuyangyang/work/tsingmicro/git/buildroot/output/host/include conftest.c >&5
configure:7956: $? = 0
configure:7956: result: yes
configure:7956: checking for sys/stat.h
configure:7956: /usr/bin/gcc -c -O2 -I/data/liuyangyang/work/tsingmicro/git/buildroot/output/host/include -I/data/liuyangyang/work/tsingmicro/git/buildroot/output/host/include conftest.c >&5
configure:7956: $? = 0
configure:7956: result: yes
configure:7956: checking for stdlib.h
configure:7956: /usr/bin/gcc -c -O2 -I/data/liuyangyang/work/tsingmicro/git/buildroot/output/host/include -I/data/liuyangyang/work/tsingmicro/git/buildroot/output/host/include conftest.c >&5
configure:7956: $? = 0
configure:7956: result: yes
configure:7956: checking for string.h
configure:7956: /usr/bin/gcc -c -O2 -I/data/liuyangyang/work/tsingmicro/git/buildroot/output/host/include -I/data/liuyangyang/work/tsingmicro/git/buildroot/output/host/include conftest.c >&5
configure:7956: $? = 0
configure:7956: result: yes
configure:7956: checking for memory.h
configure:7956: /usr/bin/gcc -c -O2 -I/data/liuyangyang/work/tsingmicro/git/buildroot/output/host/include -I/data/liuyangyang/work/tsingmicro/git/buildroot/output/host/include conftest.c >&5
configure:7956: $? = 0
configure:7956: result: yes
configure:7956: checking for strings.h
configure:7956: /usr/bin/gcc -c -O2 -I/data/liuyangyang/work/tsingmicro/git/buildroot/output/host/include -I/data/liuyangyang/work/tsingmicro/git/buildroot/output/host/include conftest.c >&5
configure:7956: $? = 0
configure:7956: result: yes
configure:7956: checking for inttypes.h
configure:7956: /usr/bin/gcc -c -O2 -I/data/liuyangyang/work/tsingmicro/git/buildroot/output/host/include -I/data/liuyangyang/work/tsingmicro/git/buildroot/output/host/include conftest.c >&5
configure:7956: $? = 0
configure:7956: result: yes
configure:7956: checking for stdint.h
configure:7956: /usr/bin/gcc -c -O2 -I/data/liuyangyang/work/tsingmicro/git/buildroot/output/host/include -I/data/liuyangyang/work/tsingmicro/git/buildroot/output/host/include conftest.c >&5
configure:7956: $? = 0
configure:7956: result: yes
configure:7956: checking for unistd.h
configure:7956: /usr/bin/gcc -c -O2 -I/data/liuyangyang/work/tsingmicro/git/buildroot/output/host/include -I/data/liuyangyang/work/tsingmicro/git/buildroot/output/host/include conftest.c >&5
configure:7956: $? = 0
configure:7956: result: yes
configure:7970: checking for dlfcn.h
configure:7970: /usr/bin/gcc -c -O2 -I/data/liuyangyang/work/tsingmicro/git/buildroot/output/host/include -I/data/liuyangyang/work/tsingmicro/git/buildroot/output/host/include conftest.c >&5
configure:7970: $? = 0
configure:7970: result: yes
configure:8226: checking for objdir
configure:8241: result: .libs
configure:8505: checking if /usr/bin/gcc supports -fno-rtti -fno-exceptions
configure:8523: /usr/bin/gcc -c -O2 -I/data/liuyangyang/work/tsingmicro/git/buildroot/output/host/include -I/data/liuyangyang/work/tsingmicro/git/buildroot/output/host/include -fno-rtti -fno-exceptions conftest.c >&5
cc1: warning: command line option '-fno-rtti' is valid for C++/D/ObjC++ but not for C
configure:8527: $? = 0
configure:8540: result: no
configure:8898: checking for /usr/bin/gcc option to produce PIC
configure:8905: result: -fPIC -DPIC
configure:8913: checking if /usr/bin/gcc PIC flag -fPIC -DPIC works
configure:8931: /usr/bin/gcc -c -O2 -I/data/liuyangyang/work/tsingmicro/git/buildroot/output/host/include -I/data/liuyangyang/work/tsingmicro/git/buildroot/output/host/include -fPIC -DPIC -DPIC conftest.c >&5
configure:8935: $? = 0
configure:8948: result: yes
configure:8977: checking if /usr/bin/gcc static flag -static works
configure:9005: result: yes
configure:9020: checking if /usr/bin/gcc supports -c -o file.o
configure:9041: /usr/bin/gcc -c -O2 -I/data/liuyangyang/work/tsingmicro/git/buildroot/output/host/include -I/data/liuyangyang/work/tsingmicro/git/buildroot/output/host/include -o out/conftest2.o conftest.c >&5
configure:9045: $? = 0
configure:9067: result: yes
configure:9075: checking if /usr/bin/gcc supports -c -o file.o
configure:9122: result: yes
configure:9155: checking whether the /usr/bin/gcc linker (/usr/bin/ld -m elf_x86_64) supports shared libraries
configure:10414: result: yes
configure:10451: checking whether -lc should be explicitly linked in
configure:10459: /usr/bin/gcc -c -O2 -I/data/liuyangyang/work/tsingmicro/git/buildroot/output/host/include -I/data/liuyangyang/work/tsingmicro/git/buildroot/output/host/include conftest.c >&5
configure:10462: $? = 0
configure:10477: /usr/bin/gcc -shared  -fPIC -DPIC conftest.o  -v -Wl,-soname -Wl,conftest -o conftest 2\>\&1 \| /usr/bin/grep  -lc  \>/dev/null 2\>\&1
configure:10480: $? = 0
configure:10494: result: no
configure:10654: checking dynamic linker characteristics
configure:11235: /usr/bin/gcc -o conftest -O2 -I/data/liuyangyang/work/tsingmicro/git/buildroot/output/host/include -I/data/liuyangyang/work/tsingmicro/git/buildroot/output/host/include -L/data/liuyangyang/work/tsingmicro/git/buildroot/output/host/lib -Wl,-rpath,/data/liuyangyang/work/tsingmicro/git/buildroot/output/host/lib -Wl,-rpath -Wl,/foo conftest.c  >&5
configure:11235: $? = 0
configure:11475: result: GNU/Linux ld.so
configure:11597: checking how to hardcode library paths into programs
configure:11622: result: immediate
configure:12170: checking whether stripping libraries is possible
configure:12175: result: yes
configure:12210: checking if libtool supports shared libraries
configure:12212: result: yes
configure:12215: checking whether to build shared libraries
configure:12240: result: yes
configure:12243: checking whether to build static libraries
configure:12247: result: no
configure:9149: checking for gcc
configure:9176: result: /usr/bin/gcc
configure:9405: checking for C compiler version
configure:9414: /usr/bin/gcc --version >&5
gcc (Ubuntu 9.4.0-1ubuntu1~20.04.1) 9.4.0
Copyright (C) 2019 Free Software Foundation, Inc.
This is free software; see the source for copying conditions.  There is NO
warranty; not even for MERCHANTABILITY or FITNESS FOR A PARTICULAR PURPOSE.

configure:9425: $? = 0
configure:9414: /usr/bin/gcc -v >&5
Using built-in specs.
COLLECT_GCC=/usr/bin/gcc
COLLECT_LTO_WRAPPER=/usr/lib/gcc/x86_64-linux-gnu/9/lto-wrapper
OFFLOAD_TARGET_NAMES=nvptx-none:hsa
OFFLOAD_TARGET_DEFAULT=1
Target: x86_64-linux-gnu
Configured with: ../src/configure -v --with-pkgversion='Ubuntu 9.4.0-1ubuntu1~20.04.1' --with-bugurl=file:///usr/share/doc/gcc-9/README.Bugs --enable-languages=c,ada,c++,go,brig,d,fortran,objc,obj-c++,gm2 --prefix=/usr --with-gcc-major-version-only --program-suffix=-9 --program-prefix=x86_64-linux-gnu- --enable-shared --enable-linker-build-id --libexecdir=/usr/lib --without-included-gettext --enable-threads=posix --libdir=/usr/lib --enable-nls --enable-clocale=gnu --enable-libstdcxx-debug --enable-libstdcxx-time=yes --with-default-libstdcxx-abi=new --enable-gnu-unique-object --disable-vtable-verify --enable-plugin --enable-default-pie --with-system-zlib --with-target-system-zlib=auto --enable-objc-gc=auto --enable-multiarch --disable-werror --with-arch-32=i686 --with-abi=m64 --with-multilib-list=m32,m64,mx32 --enable-multilib --with-tune=generic --enable-offload-targets=nvptx-none=/build/gcc-9-Av3uEd/gcc-9-9.4.0/debian/tmp-nvptx/usr,hsa --without-cuda-driver --enable-checking=release --build=x86_64-linux-gnu --host=x86_64-linux-gnu --target=x86_64-linux-gnu
Thread model: posix
gcc version 9.4.0 (Ubuntu 9.4.0-1ubuntu1~20.04.1) 
configure:9425: $? = 0
configure:9414: /usr/bin/gcc -V >&5
gcc: error: unrecognized command line option '-V'
gcc: fatal error: no input files
compilation terminated.
configure:9425: $? = 1
configure:9414: /usr/bin/gcc -qversion >&5
gcc: error: unrecognized command line option '-qversion'; did you mean '--version'?
gcc: fatal error: no input files
compilation terminated.
configure:9425: $? = 1
configure:9429: checking whether we are using the GNU C compiler
configure:9457: result: yes
configure:9466: checking whether /usr/bin/gcc accepts -g
configure:9527: result: yes
configure:9544: checking for /usr/bin/gcc option to accept ISO C89
configure:9620: result: none needed
configure:9645: checking whether /usr/bin/gcc understands -c and -o together
configure:9682: result: yes
configure:9701: checking dependency style of /usr/bin/gcc
configure:9812: result: none
configure:9940: checking pkg-config is at least version 0.9.0
configure:9943: result: yes
configure:9955: checking whether compiler handles -Wall
configure:9979: /usr/bin/cpp -Werror -I/data/liuyangyang/work/tsingmicro/git/buildroot/output/host/include -Wall conftest.c
configure:9979: $? = 0
configure:9991: result: yes
configure:9999: checking whether compiler handles -Wextra
configure:10023: /usr/bin/cpp -Werror -I/data/liuyangyang/work/tsingmicro/git/buildroot/output/host/include -Wextra conftest.c
configure:10023: $? = 0
configure:10035: result: yes
configure:10043: checking whether compiler handles -Wunused
configure:10067: /usr/bin/cpp -Werror -I/data/liuyangyang/work/tsingmicro/git/buildroot/output/host/include -Wunused conftest.c
configure:10067: $? = 0
configure:10079: result: yes
configure:10087: checking whether compiler handles -Wmissing-prototypes
configure:10111: /usr/bin/cpp -Werror -I/data/liuyangyang/work/tsingmicro/git/buildroot/output/host/include -Wmissing-prototypes conftest.c
configure:10111: $? = 0
configure:10123: result: yes
configure:10131: checking whether compiler handles -Wmissing-declarations
configure:10155: /usr/bin/cpp -Werror -I/data/liuyangyang/work/tsingmicro/git/buildroot/output/host/include -Wmissing-declarations conftest.c
configure:10155: $? = 0
configure:10167: result: yes
configure:10175: checking whether compiler handles -Wwrite-strings
configure:10199: /usr/bin/cpp -Werror -I/data/liuyangyang/work/tsingmicro/git/buildroot/output/host/include -Wwrite-strings conftest.c
configure:10199: $? = 0
configure:10211: result: yes
configure:10219: checking whether compiler handles -Wjump-misses-init
configure:10243: /usr/bin/cpp -Werror -I/data/liuyangyang/work/tsingmicro/git/buildroot/output/host/include -Wjump-misses-init conftest.c
configure:10243: $? = 0
configure:10255: result: yes
configure:10263: checking whether compiler handles -Wuninitialized
configure:10287: /usr/bin/cpp -Werror -I/data/liuyangyang/work/tsingmicro/git/buildroot/output/host/include -Wuninitialized conftest.c
configure:10287: $? = 0
configure:10299: result: yes
configure:10307: checking whether compiler handles -Winit-self
configure:10331: /usr/bin/cpp -Werror -I/data/liuyangyang/work/tsingmicro/git/buildroot/output/host/include -Winit-self conftest.c
configure:10331: $? = 0
configure:10343: result: yes
configure:10351: checking whether compiler handles -Wlogical-op
configure:10375: /usr/bin/cpp -Werror -I/data/liuyangyang/work/tsingmicro/git/buildroot/output/host/include -Wlogical-op conftest.c
configure:10375: $? = 0
configure:10387: result: yes
configure:10395: checking whether compiler handles -Wunused-but-set-parameter
configure:10419: /usr/bin/cpp -Werror -I/data/liuyangyang/work/tsingmicro/git/buildroot/output/host/include -Wunused-but-set-parameter conftest.c
configure:10419: $? = 0
configure:10431: result: yes
configure:10439: checking whether compiler handles -Wunused-but-set-variable
configure:10463: /usr/bin/cpp -Werror -I/data/liuyangyang/work/tsingmicro/git/buildroot/output/host/include -Wunused-but-set-variable conftest.c
configure:10463: $? = 0
configure:10475: result: yes
configure:10483: checking whether compiler handles -Wunused-parameter
configure:10507: /usr/bin/cpp -Werror -I/data/liuyangyang/work/tsingmicro/git/buildroot/output/host/include -Wunused-parameter conftest.c
configure:10507: $? = 0
configure:10519: result: yes
configure:10527: checking whether compiler handles -Wunused-result
configure:10551: /usr/bin/cpp -Werror -I/data/liuyangyang/work/tsingmicro/git/buildroot/output/host/include -Wunused-result conftest.c
configure:10551: $? = 0
configure:10563: result: yes
configure:10571: checking whether compiler handles -Wunused-variable
configure:10595: /usr/bin/cpp -Werror -I/data/liuyangyang/work/tsingmicro/git/buildroot/output/host/include -Wunused-variable conftest.c
configure:10595: $? = 0
configure:10607: result: yes
configure:10615: checking whether compiler handles -Wduplicated-cond
configure:10639: /usr/bin/cpp -Werror -I/data/liuyangyang/work/tsingmicro/git/buildroot/output/host/include -Wduplicated-cond conftest.c
configure:10639: $? = 0
configure:10651: result: yes
configure:10659: checking whether compiler handles -Wduplicated-branches
configure:10683: /usr/bin/cpp -Werror -I/data/liuyangyang/work/tsingmicro/git/buildroot/output/host/include -Wduplicated-branches conftest.c
configure:10683: $? = 0
configure:10695: result: yes
configure:10703: checking whether compiler handles -Wrestrict
configure:10727: /usr/bin/cpp -Werror -I/data/liuyangyang/work/tsingmicro/git/buildroot/output/host/include -Wrestrict conftest.c
configure:10727: $? = 0
configure:10739: result: yes
configure:10747: checking whether compiler handles -Wnull-dereference
configure:10771: /usr/bin/cpp -Werror -I/data/liuyangyang/work/tsingmicro/git/buildroot/output/host/include -Wnull-dereference conftest.c
configure:10771: $? = 0
configure:10783: result: yes
configure:10792: checking whether compiler handles -Wno-shadow
configure:10816: /usr/bin/cpp -Werror -I/data/liuyangyang/work/tsingmicro/git/buildroot/output/host/include -Wno-shadow conftest.c
configure:10816: $? = 0
configure:10828: result: yes
configure:10836: checking whether compiler handles -Wno-sign-compare
configure:10860: /usr/bin/cpp -Werror -I/data/liuyangyang/work/tsingmicro/git/buildroot/output/host/include -Wno-sign-compare conftest.c
configure:10860: $? = 0
configure:10872: result: yes
configure:11179: checking for ZLIB
configure:11186: $PKG_CONFIG --exists --print-errors "zlib"
configure:11189: $? = 0
configure:11203: $PKG_CONFIG --exists --print-errors "zlib"
configure:11206: $? = 0
configure:11244: result: yes
configure:11327: checking for UUID
configure:11334: $PKG_CONFIG --exists --print-errors "uuid"
configure:11337: $? = 0
configure:11351: $PKG_CONFIG --exists --print-errors "uuid"
configure:11354: $? = 0
configure:11392: result: yes
configure:12117: checking for lzo1x_1_15_compress in -llzo2
configure:12142: /usr/bin/gcc -o conftest -O2 -I/data/liuyangyang/work/tsingmicro/git/buildroot/output/host/include -I/data/liuyangyang/work/tsingmicro/git/buildroot/output/host/include -L/data/liuyangyang/work/tsingmicro/git/buildroot/output/host/lib -Wl,-rpath,/data/liuyangyang/work/tsingmicro/git/buildroot/output/host/lib conftest.c -llzo2   >&5
configure:12142: $? = 0
configure:12151: result: yes
configure:12207: checking for ZSTD
configure:12214: $PKG_CONFIG --exists --print-errors "libzstd"
configure:12217: $? = 0
configure:12231: $PKG_CONFIG --exists --print-errors "libzstd"
configure:12234: $? = 0
configure:12272: result: yes
configure:12281: checking sys/xattr.h usability
configure:12281: /usr/bin/gcc -c -O2 -I/data/liuyangyang/work/tsingmicro/git/buildroot/output/host/include -I/data/liuyangyang/work/tsingmicro/git/buildroot/output/host/include conftest.c >&5
configure:12281: $? = 0
configure:12281: result: yes
configure:12281: checking sys/xattr.h presence
configure:12281: /usr/bin/cpp -I/data/liuyangyang/work/tsingmicro/git/buildroot/output/host/include conftest.c
configure:12281: $? = 0
configure:12281: result: yes
configure:12281: checking for sys/xattr.h
configure:12281: result: yes
configure:12295: checking sys/acl.h usability
configure:12295: /usr/bin/gcc -c -O2 -I/data/liuyangyang/work/tsingmicro/git/buildroot/output/host/include -I/data/liuyangyang/work/tsingmicro/git/buildroot/output/host/include conftest.c >&5
configure:12295: $? = 0
configure:12295: result: yes
configure:12295: checking sys/acl.h presence
configure:12295: /usr/bin/cpp -I/data/liuyangyang/work/tsingmicro/git/buildroot/output/host/include conftest.c
configure:12295: $? = 0
configure:12295: result: yes
configure:12295: checking for sys/acl.h
configure:12295: result: yes
configure:12423: checking sys/random.h usability
configure:12423: /usr/bin/gcc -c -O2 -I/data/liuyangyang/work/tsingmicro/git/buildroot/output/host/include -I/data/liuyangyang/work/tsingmicro/git/buildroot/output/host/include conftest.c >&5
configure:12423: $? = 0
configure:12423: result: yes
configure:12423: checking sys/random.h presence
configure:12423: /usr/bin/cpp -I/data/liuyangyang/work/tsingmicro/git/buildroot/output/host/include conftest.c
configure:12423: $? = 0
configure:12423: result: yes
configure:12423: checking for sys/random.h
configure:12423: result: yes
configure:12513: checking execinfo.h usability
configure:12513: /usr/bin/gcc -c -O2 -I/data/liuyangyang/work/tsingmicro/git/buildroot/output/host/include -I/data/liuyangyang/work/tsingmicro/git/buildroot/output/host/include conftest.c >&5
configure:12513: $? = 0
configure:12513: result: yes
configure:12513: checking execinfo.h presence
configure:12513: /usr/bin/cpp -I/data/liuyangyang/work/tsingmicro/git/buildroot/output/host/include conftest.c
configure:12513: $? = 0
configure:12513: result: yes
configure:12513: checking for execinfo.h
configure:12513: result: yes
configure:12683: checking size of off_t
configure:12688: /usr/bin/gcc -o conftest -O2 -I/data/liuyangyang/work/tsingmicro/git/buildroot/output/host/include -I/data/liuyangyang/work/tsingmicro/git/buildroot/output/host/include -L/data/liuyangyang/work/tsingmicro/git/buildroot/output/host/lib -Wl,-rpath,/data/liuyangyang/work/tsingmicro/git/buildroot/output/host/lib conftest.c  >&5
configure:12688: $? = 0
configure:12688: ./conftest
configure:12688: $? = 0
configure:12702: result: 8
configure:12716: checking size of loff_t
configure:12721: /usr/bin/gcc -o conftest -O2 -I/data/liuyangyang/work/tsingmicro/git/buildroot/output/host/include -I/data/liuyangyang/work/tsingmicro/git/buildroot/output/host/include -L/data/liuyangyang/work/tsingmicro/git/buildroot/output/host/lib -Wl,-rpath,/data/liuyangyang/work/tsingmicro/git/buildroot/output/host/lib conftest.c  >&5
configure:12721: $? = 0
configure:12721: ./conftest
configure:12721: $? = 0
configure:12735: result: 8
configure:12867: checking that generated files are newer than configure
configure:12873: result: done
configure:12984: creating ./config.status
configure:15130: WARNING: unrecognized options: --disable-gtk-doc, --disable-gtk-doc-html, --disable-doc, --disable-docs, --disable-documentation, --disable-debug, --with-xmlto, --with-fop, --disable-nls

## ---------------- ##
## Cache variables. ##
## ---------------- ##

ac_cv_build=x86_64-pc-linux-gnu
ac_cv_c_compiler_gnu=yes
ac_cv_env_CC_set=set
ac_cv_env_CC_value=/usr/bin/gcc
ac_cv_env_CFLAGS_set=set
ac_cv_env_CFLAGS_value='-O2 -I/data/liuyangyang/work/tsingmicro/git/buildroot/output/host/include'
ac_cv_env_CMOCKA_CFLAGS_set=
ac_cv_env_CMOCKA_CFLAGS_value=
ac_cv_env_CMOCKA_LIBS_set=
ac_cv_env_CMOCKA_LIBS_value=
ac_cv_env_CPPFLAGS_set=set
ac_cv_env_CPPFLAGS_value=-I/data/liuyangyang/work/tsingmicro/git/buildroot/output/host/include
ac_cv_env_CPP_set=set
ac_cv_env_CPP_value=/usr/bin/cpp
ac_cv_env_LDFLAGS_set=set
ac_cv_env_LDFLAGS_value='-L/data/liuyangyang/work/tsingmicro/git/buildroot/output/host/lib -Wl,-rpath,/data/liuyangyang/work/tsingmicro/git/buildroot/output/host/lib'
ac_cv_env_LIBSELINUX_CFLAGS_set=
ac_cv_env_LIBSELINUX_CFLAGS_value=
ac_cv_env_LIBSELINUX_LIBS_set=
ac_cv_env_LIBSELINUX_LIBS_value=
ac_cv_env_LIBS_set=
ac_cv_env_LIBS_value=
ac_cv_env_LT_SYS_LIBRARY_PATH_set=
ac_cv_env_LT_SYS_LIBRARY_PATH_value=
ac_cv_env_LZO_CFLAGS_set=
ac_cv_env_LZO_CFLAGS_value=
ac_cv_env_LZO_LIBS_set=
ac_cv_env_LZO_LIBS_value=
ac_cv_env_OPENSSL_CFLAGS_set=
ac_cv_env_OPENSSL_CFLAGS_value=
ac_cv_env_OPENSSL_LIBS_set=
ac_cv_env_OPENSSL_LIBS_value=
ac_cv_env_PKG_CONFIG_LIBDIR_set=set
ac_cv_env_PKG_CONFIG_LIBDIR_value=/data/liuyangyang/work/tsingmicro/git/buildroot/output/host/lib/pkgconfig:/data/liuyangyang/work/tsingmicro/git/buildroot/output/host/share/pkgconfig
ac_cv_env_PKG_CONFIG_PATH_set=
ac_cv_env_PKG_CONFIG_PATH_value=
ac_cv_env_PKG_CONFIG_set=set
ac_cv_env_PKG_CONFIG_value=/data/liuyangyang/work/tsingmicro/git/buildroot/output/host/bin/pkg-config
ac_cv_env_UUID_CFLAGS_set=
ac_cv_env_UUID_CFLAGS_value=
ac_cv_env_UUID_LIBS_set=
ac_cv_env_UUID_LIBS_value=
ac_cv_env_ZLIB_CFLAGS_set=
ac_cv_env_ZLIB_CFLAGS_value=
ac_cv_env_ZLIB_LIBS_set=
ac_cv_env_ZLIB_LIBS_value=
ac_cv_env_ZSTD_CFLAGS_set=
ac_cv_env_ZSTD_CFLAGS_value=
ac_cv_env_ZSTD_LIBS_set=
ac_cv_env_ZSTD_LIBS_value=
ac_cv_env_build_alias_set=
ac_cv_env_build_alias_value=
ac_cv_env_host_alias_set=
ac_cv_env_host_alias_value=
ac_cv_env_target_alias_set=
ac_cv_env_target_alias_value=
ac_cv_header_dlfcn_h=yes
ac_cv_header_execinfo_h=yes
ac_cv_header_inttypes_h=yes
ac_cv_header_memory_h=yes
ac_cv_header_stdc=yes
ac_cv_header_stdint_h=yes
ac_cv_header_stdlib_h=yes
ac_cv_header_string_h=yes
ac_cv_header_strings_h=yes
ac_cv_header_sys_acl_h=yes
ac_cv_header_sys_random_h=yes
ac_cv_header_sys_stat_h=yes
ac_cv_header_sys_types_h=yes
ac_cv_header_sys_xattr_h=yes
ac_cv_header_unistd_h=yes
ac_cv_host=x86_64-pc-linux-gnu
ac_cv_lib_lzo2_lzo1x_1_15_compress=yes
ac_cv_objext=o
ac_cv_path_EGREP='/usr/bin/grep -E'
ac_cv_path_FGREP='/usr/bin/grep -F'
ac_cv_path_GREP=/usr/bin/grep
ac_cv_path_SED=/usr/bin/sed
ac_cv_path_install='/usr/bin/install -c'
ac_cv_path_lt_DD=/usr/bin/dd
ac_cv_path_mkdir=/usr/bin/mkdir
ac_cv_prog_AWK=mawk
ac_cv_prog_CPP=/usr/bin/cpp
ac_cv_prog_ac_ct_AR=ar
ac_cv_prog_ac_ct_CC=/usr/bin/gcc
ac_cv_prog_ac_ct_MANIFEST_TOOL=mt
ac_cv_prog_ac_ct_OBJDUMP=objdump
ac_cv_prog_ac_ct_RANLIB=ranlib
ac_cv_prog_ac_ct_STRIP=strip
ac_cv_prog_cc_c89=
ac_cv_prog_cc_g=yes
ac_cv_prog_make_make_set=yes
ac_cv_sizeof_loff_t=8
ac_cv_sizeof_off_t=8
am_cv_CC_dependencies_compiler_type=none
am_cv_make_support_nested_variables=yes
am_cv_prog_cc_c_o=yes
lt_cv_ar_at_file=@
lt_cv_archive_cmds_need_lc=no
lt_cv_deplibs_check_method=pass_all
lt_cv_file_magic_cmd='$MAGIC_CMD'
lt_cv_file_magic_test_file=
lt_cv_ld_reload_flag=-r
lt_cv_nm_interface='BSD nm'
lt_cv_objdir=.libs
lt_cv_path_LD=/usr/bin/ld
lt_cv_path_NM='/usr/bin/nm -B'
lt_cv_path_mainfest_tool=no
lt_cv_prog_compiler_c_o=yes
lt_cv_prog_compiler_pic='-fPIC -DPIC'
lt_cv_prog_compiler_pic_works=yes
lt_cv_prog_compiler_rtti_exceptions=no
lt_cv_prog_compiler_static_works=yes
lt_cv_prog_gnu_ld=yes
lt_cv_sharedlib_from_linklib_cmd='printf %s\n'
lt_cv_shlibpath_overrides_runpath=yes
lt_cv_sys_global_symbol_pipe='sed -n -e '\''s/^.*[	 ]\([ABCDGIRSTW][ABCDGIRSTW]*\)[	 ][	 ]*\([_A-Za-z][_A-Za-z0-9]*\)$/\1 \2 \2/p'\'' | sed '\''/ __gnu_lto/d'\'''
lt_cv_sys_global_symbol_to_c_name_address='sed -n -e '\''s/^: \(.*\) .*$/  {"\1", (void *) 0},/p'\'' -e '\''s/^[ABCDGIRSTW][ABCDGIRSTW]* .* \(.*\)$/  {"\1", (void *) \&\1},/p'\'''
lt_cv_sys_global_symbol_to_c_name_address_lib_prefix='sed -n -e '\''s/^: \(.*\) .*$/  {"\1", (void *) 0},/p'\'' -e '\''s/^[ABCDGIRSTW][ABCDGIRSTW]* .* \(lib.*\)$/  {"\1", (void *) \&\1},/p'\'' -e '\''s/^[ABCDGIRSTW][ABCDGIRSTW]* .* \(.*\)$/  {"lib\1", (void *) \&\1},/p'\'''
lt_cv_sys_global_symbol_to_cdecl='sed -n -e '\''s/^T .* \(.*\)$/extern int \1();/p'\'' -e '\''s/^[ABCDGIRSTW][ABCDGIRSTW]* .* \(.*\)$/extern char \1;/p'\'''
lt_cv_sys_global_symbol_to_import=
lt_cv_sys_max_cmd_len=1572864
lt_cv_to_host_file_cmd=func_convert_file_noop
lt_cv_to_tool_file_cmd=func_convert_file_noop
lt_cv_truncate_bin='/usr/bin/dd bs=4096 count=1'
pkg_cv_UUID_CFLAGS='-I/data/liuyangyang/work/tsingmicro/git/buildroot/output/host/bin/../aarch64-buildroot-linux-gnu/sysroot/data/liuyangyang/work/tsingmicro/git/buildroot/output/host/include/uuid '
pkg_cv_UUID_LIBS='-L/data/liuyangyang/work/tsingmicro/git/buildroot/output/host/bin/../aarch64-buildroot-linux-gnu/sysroot/data/liuyangyang/work/tsingmicro/git/buildroot/output/host/lib -luuid '
pkg_cv_ZLIB_CFLAGS='-I/data/liuyangyang/work/tsingmicro/git/buildroot/output/host/bin/../aarch64-buildroot-linux-gnu/sysroot/data/liuyangyang/work/tsingmicro/git/buildroot/output/host/include '
pkg_cv_ZLIB_LIBS='-L/data/liuyangyang/work/tsingmicro/git/buildroot/output/host/bin/../aarch64-buildroot-linux-gnu/sysroot/data/liuyangyang/work/tsingmicro/git/buildroot/output/host/lib -lz '
pkg_cv_ZSTD_CFLAGS=
pkg_cv_ZSTD_LIBS='-L/data/liuyangyang/work/tsingmicro/git/buildroot/output/host/bin/../aarch64-buildroot-linux-gnu/sysroot/usr/lib -lzstd '
ul_cv_warn__Wall=yes
ul_cv_warn__Wduplicated_branches=yes
ul_cv_warn__Wduplicated_cond=yes
ul_cv_warn__Wextra=yes
ul_cv_warn__Winit_self=yes
ul_cv_warn__Wjump_misses_init=yes
ul_cv_warn__Wlogical_op=yes
ul_cv_warn__Wmissing_declarations=yes
ul_cv_warn__Wmissing_prototypes=yes
ul_cv_warn__Wno_shadow=yes
ul_cv_warn__Wno_sign_compare=yes
ul_cv_warn__Wnull_dereference=yes
ul_cv_warn__Wrestrict=yes
ul_cv_warn__Wuninitialized=yes
ul_cv_warn__Wunused=yes
ul_cv_warn__Wunused_but_set_parameter=yes
ul_cv_warn__Wunused_but_set_variable=yes
ul_cv_warn__Wunused_parameter=yes
ul_cv_warn__Wunused_result=yes
ul_cv_warn__Wunused_variable=yes
ul_cv_warn__Wwrite_strings=yes

## ----------------- ##
## Output variables. ##
## ----------------- ##

ACLOCAL='${SHELL} /data/liuyangyang/work/tsingmicro/git/sdk/build/tools/mtd/missing aclocal-1.16'
AMDEPBACKSLASH=''
AMDEP_FALSE=''
AMDEP_TRUE='#'
AMTAR='$${TAR-tar}'
AM_BACKSLASH='\'
AM_DEFAULT_V='$(AM_DEFAULT_VERBOSITY)'
AM_DEFAULT_VERBOSITY='0'
AM_V='$(V)'
AR='ar'
AUTOCONF='${SHELL} /data/liuyangyang/work/tsingmicro/git/sdk/build/tools/mtd/missing autoconf'
AUTOHEADER='${SHELL} /data/liuyangyang/work/tsingmicro/git/sdk/build/tools/mtd/missing autoheader'
AUTOMAKE='${SHELL} /data/liuyangyang/work/tsingmicro/git/sdk/build/tools/mtd/missing automake-1.16'
AWK='mawk'
BUILD_JFFSX_FALSE='#'
BUILD_JFFSX_TRUE=''
BUILD_LSMTD_FALSE='#'
BUILD_LSMTD_TRUE=''
BUILD_TESTS_FALSE=''
BUILD_TESTS_TRUE='#'
BUILD_UBIFS_FALSE='#'
BUILD_UBIFS_TRUE=''
CC='/usr/bin/gcc'
CCDEPMODE='depmode=none'
CFLAGS='-O2 -I/data/liuyangyang/work/tsingmicro/git/buildroot/output/host/include'
CMOCKA_CFLAGS=''
CMOCKA_LIBS=''
CPP='/usr/bin/cpp'
CPPFLAGS='-I/data/liuyangyang/work/tsingmicro/git/buildroot/output/host/include'
CYGPATH_W='echo'
DEFS='-DHAVE_CONFIG_H'
DEPDIR='.deps'
DLLTOOL='false'
DSYMUTIL=''
DUMPBIN=''
ECHO_C=''
ECHO_N='-n'
ECHO_T=''
EGREP='/usr/bin/grep -E'
EXEEXT=''
FGREP='/usr/bin/grep -F'
GREP='/usr/bin/grep'
INSTALL_DATA='${INSTALL} -m 644'
INSTALL_PROGRAM='${INSTALL}'
INSTALL_SCRIPT='${INSTALL}'
INSTALL_STRIP_PROGRAM='$(install_sh) -c -s'
INSTALL_TESTS_FALSE=''
INSTALL_TESTS_TRUE='#'
LD='/usr/bin/ld -m elf_x86_64'
LDFLAGS='-L/data/liuyangyang/work/tsingmicro/git/buildroot/output/host/lib -Wl,-rpath,/data/liuyangyang/work/tsingmicro/git/buildroot/output/host/lib'
LIBOBJS=''
LIBS=''
LIBSELINUX_CFLAGS=''
LIBSELINUX_LIBS=''
LIBTOOL='$(SHELL) $(top_builddir)/libtool'
LIPO=''
LN_S='ln -s'
LTLIBOBJS=''
LT_SYS_LIBRARY_PATH=''
LZO_CFLAGS=''
LZO_LIBS='-llzo2'
MAKEINFO='${SHELL} /data/liuyangyang/work/tsingmicro/git/sdk/build/tools/mtd/missing makeinfo'
MANIFEST_TOOL=':'
MKDIR_P='/usr/bin/mkdir -p'
NM='/usr/bin/nm -B'
NMEDIT=''
OBJDUMP='objdump'
OBJEXT='o'
OPENSSL_CFLAGS=''
OPENSSL_LIBS=''
OTOOL64=''
OTOOL=''
PACKAGE='mtd-utils'
PACKAGE_BUGREPORT='linux-mtd@lists.infradead.org'
PACKAGE_NAME='mtd-utils'
PACKAGE_STRING='mtd-utils 2.1.2'
PACKAGE_TARNAME='mtd-utils'
PACKAGE_URL=''
PACKAGE_VERSION='2.1.2'
PATH_SEPARATOR=':'
PKG_CONFIG='/data/liuyangyang/work/tsingmicro/git/buildroot/output/host/bin/pkg-config'
PKG_CONFIG_LIBDIR='/data/liuyangyang/work/tsingmicro/git/buildroot/output/host/lib/pkgconfig:/data/liuyangyang/work/tsingmicro/git/buildroot/output/host/share/pkgconfig'
PKG_CONFIG_PATH=''
PTHREAD_CC=''
PTHREAD_CFLAGS=''
PTHREAD_LIBS=''
RANLIB='ranlib'
SED='/usr/bin/sed'
SET_MAKE=''
SHELL='/bin/sh'
STRIP='strip'
UNIT_TESTS_FALSE=''
UNIT_TESTS_TRUE='#'
UUID_CFLAGS='-I/data/liuyangyang/work/tsingmicro/git/buildroot/output/host/bin/../aarch64-buildroot-linux-gnu/sysroot/data/liuyangyang/work/tsingmicro/git/buildroot/output/host/include/uuid '
UUID_LIBS='-L/data/liuyangyang/work/tsingmicro/git/buildroot/output/host/bin/../aarch64-buildroot-linux-gnu/sysroot/data/liuyangyang/work/tsingmicro/git/buildroot/output/host/lib -luuid '
VERSION='2.1.2'
WARN_CFLAGS=' -Wall -Wextra -Wunused -Wmissing-prototypes -Wmissing-declarations -Wwrite-strings -Wjump-misses-init -Wuninitialized -Winit-self -Wlogical-op -Wunused-but-set-parameter -Wunused-but-set-variable -Wunused-parameter -Wunused-result -Wunused-variable -Wduplicated-cond -Wduplicated-branches -Wrestrict -Wnull-dereference -Wno-shadow -Wno-sign-compare'
WITHOUT_LZO_FALSE=''
WITHOUT_LZO_TRUE='#'
WITHOUT_XATTR_FALSE=''
WITHOUT_XATTR_TRUE='#'
WITHOUT_ZSTD_FALSE=''
WITHOUT_ZSTD_TRUE='#'
WITH_CRYPTO_FALSE=''
WITH_CRYPTO_TRUE='#'
WITH_GETRANDOM_FALSE='#'
WITH_GETRANDOM_TRUE=''
WITH_SELINUX_FALSE=''
WITH_SELINUX_TRUE='#'
ZLIB_CFLAGS='-I/data/liuyangyang/work/tsingmicro/git/buildroot/output/host/bin/../aarch64-buildroot-linux-gnu/sysroot/data/liuyangyang/work/tsingmicro/git/buildroot/output/host/include '
ZLIB_LIBS='-L/data/liuyangyang/work/tsingmicro/git/buildroot/output/host/bin/../aarch64-buildroot-linux-gnu/sysroot/data/liuyangyang/work/tsingmicro/git/buildroot/output/host/lib -lz '
ZSTD_CFLAGS=''
ZSTD_LIBS='-L/data/liuyangyang/work/tsingmicro/git/buildroot/output/host/bin/../aarch64-buildroot-linux-gnu/sysroot/usr/lib -lzstd '
ac_ct_AR='ar'
ac_ct_CC='/usr/bin/gcc'
ac_ct_DUMPBIN=''
am__EXEEXT_FALSE=''
am__EXEEXT_TRUE='#'
am__fastdepCC_FALSE=''
am__fastdepCC_TRUE='#'
am__include='include'
am__isrc=''
am__leading_dot='.'
am__nodep=''
am__quote=''
am__tar='$${TAR-tar} chof - "$$tardir"'
am__untar='$${TAR-tar} xf -'
ax_pthread_config=''
bindir='${exec_prefix}/bin'
build='x86_64-pc-linux-gnu'
build_alias=''
build_cpu='x86_64'
build_os='linux-gnu'
build_vendor='pc'
datadir='${datarootdir}'
datarootdir='${prefix}/share'
docdir='${datarootdir}/doc/${PACKAGE_TARNAME}'
dvidir='${docdir}'
exec_prefix='${prefix}'
host='x86_64-pc-linux-gnu'
host_alias=''
host_cpu='x86_64'
host_os='linux-gnu'
host_vendor='pc'
htmldir='${docdir}'
includedir='${prefix}/include'
infodir='${datarootdir}/info'
install_sh='${SHELL} /data/liuyangyang/work/tsingmicro/git/sdk/build/tools/mtd/install-sh'
libdir='${exec_prefix}/lib'
libexecdir='${exec_prefix}/libexec'
localedir='${datarootdir}/locale'
localstatedir='/data/liuyangyang/work/tsingmicro/git/buildroot/output/host/var'
mandir='${datarootdir}/man'
mkdir_p='$(MKDIR_P)'
oldincludedir='/usr/include'
pdfdir='${docdir}'
prefix='/data/liuyangyang/work/tsingmicro/git/buildroot/output/host'
program_transform_name='s,x,x,'
psdir='${docdir}'
runstatedir='${localstatedir}/run'
sbindir='${exec_prefix}/sbin'
sharedstatedir='${prefix}/com'
sysconfdir='/data/liuyangyang/work/tsingmicro/git/buildroot/output/host/etc'
target_alias=''
testbindir='"."'

## ----------- ##
## confdefs.h. ##
## ----------- ##

/* confdefs.h */
#define PACKAGE_NAME "mtd-utils"
#define PACKAGE_TARNAME "mtd-utils"
#define PACKAGE_VERSION "2.1.2"
#define PACKAGE_STRING "mtd-utils 2.1.2"
#define PACKAGE_BUGREPORT "linux-mtd@lists.infradead.org"
#define PACKAGE_URL ""
#define PACKAGE "mtd-utils"
#define VERSION "2.1.2"
#define STDC_HEADERS 1
#define HAVE_SYS_TYPES_H 1
#define HAVE_SYS_STAT_H 1
#define HAVE_STDLIB_H 1
#define HAVE_STRING_H 1
#define HAVE_MEMORY_H 1
#define HAVE_STRINGS_H 1
#define HAVE_INTTYPES_H 1
#define HAVE_STDINT_H 1
#define HAVE_UNISTD_H 1
#define HAVE_DLFCN_H 1
#define LT_OBJDIR ".libs/"
#define HAVE_SYS_XATTR_H 1
#define HAVE_SYS_ACL_H 1
#define HAVE_SYS_RANDOM_H 1
#define HAVE_EXECINFO_H 1
#define SIZEOF_OFF_T 8
#define SIZEOF_LOFF_T 8

configure: exit 0

## ---------------------- ##
## Running config.status. ##
## ---------------------- ##

This file was extended by mtd-utils config.status 2.1.2, which was
generated by GNU Autoconf 2.69.  Invocation command line was

  CONFIG_FILES    = 
  CONFIG_HEADERS  = 
  CONFIG_LINKS    = 
  CONFIG_COMMANDS = 
  $ ./config.status 

on tsingmicro-bj

config.status:1146: creating tests/fs-tests/fs_help_all.sh
config.status:1146: creating tests/fs-tests/fs_run_all.sh
config.status:1146: creating tests/fs-tests/stress/fs_stress00.sh
config.status:1146: creating tests/fs-tests/stress/fs_stress01.sh
config.status:1146: creating tests/ubi-tests/runubitests.sh
config.status:1146: creating tests/ubi-tests/ubi-stress-test.sh
config.status:1146: creating Makefile
config.status:1146: creating include/config.h
config.status:1327: include/config.h is unchanged
config.status:1375: executing depfiles commands
config.status:1375: executing libtool commands
